// Jest Snapshot v1, https://goo.gl/fbAQLP

exports[`create page should render correctly 1`] = `
<div>
  <h1>
    Add Expense
  </h1>
  <Form
    onSubmit={[MockFunction]}
  />
</div>
`;
