// Jest Snapshot v1, https://goo.gl/fbAQLP

exports[`NotFound should render correctly 1`] = `
<p>
  Not Found - 
  <Link
    replace={false}
    to="/"
  >
    Home
  </Link>
</p>
`;
